> debug.sh example009
================================================================================
CPUSim64 2.0 Emulator
By Richard Lesh ©2025
Implements a CPUSim64 Virtual Machine.
================================================================================
Debug: true
Memory size: 1048576
Stack size: 8192
Read 15 words from example009.obj.gz
    1:__CODE__+0                                                  00000001 READONLY  	0xf (__HEAP_START__+0)
    1:__CODE__+1                                                  00000002 MOVE      	R0, 7
    1:__CODE__+2                                                  00000003 MOVE      	R1, -3
    1:__CODE__+3                                                  00000004 NEGATE    	R0
    1:__CODE__+4                                                  00000005 NEGATE    	R1
    1:__CODE__+5                                                  00000006 DEBUG     	R0, R1
R0: -7  R1: 3  
    1:__CODE__+6                                                  00000007 MOVE      	F0, 7
    1:__CODE__+7                                                  00000008 MOVE      	F1, 14
    1:__CODE__+8                                                  00000009 RECIP     	F0
    1:__CODE__+9                                                  0000000a RECIP     	F1
    1:__CODE__+10                                                 0000000b DEBUG     	F0, F1
F0: 0.14285714285714285  F1: 0.071428571428571420  
    1:__CODE__+11                                                 0000000c STOP      	

CPU State    SR: oszp
  R               hex                   dec  FP                    float   Stack               hex                   dec                   float
 R0: fffffffffffffff9                    -7  F0:      0.1428571428571429 =>
 R1: 0000000000000003                     3  F1:     0.07142857142857142
 R2: 0000000000000000                     0  F2:       0.000000000000000
 R3: 0000000000000000                     0  F3:       0.000000000000000
 R4: 0000000000000000                     0  F4:       0.000000000000000
 R5: 0000000000000000                     0  F5:       0.000000000000000
 R6: 0000000000000000                     0  F6:       0.000000000000000
 R7: 0000000000000000                     0  F7:       0.000000000000000
 R8: 0000000000000000                     0  F8:       0.000000000000000
 R9: 0000000000000000                     0  F9:       0.000000000000000
R10: 0000000000000000                     0 F10:       0.000000000000000
R11: 0000000000000000                     0 F11:       0.000000000000000
R12: 0000000000000000                     0 F12:       0.000000000000000
R13: 0000000000000000                     0 F13:       0.000000000000000
R14: 0000000000000000                     0 F14:       0.000000000000000
R15: 0000000000000000                     0 F15:       0.000000000000000
R16: 0000000000000000                     0 F16:       0.000000000000000
R17: 0000000000000000                     0 F17:       0.000000000000000
R18: 0000000000000000                     0 F18:       0.000000000000000
R19: 0000000000000000                     0 F19:       0.000000000000000
R20: 0000000000000000                     0 F20:       0.000000000000000
R21: 0000000000000000                     0 F21:       0.000000000000000
R22: 0000000000000000                     0 F22:       0.000000000000000
R23: 0000000000000000                     0 F23:       0.000000000000000
R24: 0000000000000000                     0 F24:       0.000000000000000
R25: 0000000000000000                     0 F25:       0.000000000000000
R26: 0000000000000000                     0 F26:       0.000000000000000
R27: 0000000000000000                     0 F27:       0.000000000000000
R28: 0000000000000000                     0 F28:       0.000000000000000
 SF: 0000000000101fff                       F29:       0.000000000000000
 SP: 0000000000101fff                       F30:       0.000000000000000
 PC: 000000000000000d                       F31:       0.000000000000000
