> debug.sh example003
Read 44 words from example003.obj.gz

CPU State    SR: oszP
  R               hex                   dec  FP                    float   Stack               hex                   dec                   float
 R0: 0000000000000000                     0  F0:      -10.00000000000000 =>
 R1: 0000000000000008                     8  F1:      -1.000000000000000
 R2: 0000000000000009                     9  F2:       1.000000000000000
 R3: 000000000000000a                    10  F3:       2.000000000000000
 R4: 000000000000000c                    12  F4:       4.000000000000000
 R5: 000000000000000d                    13  F5:       16.00000000000000
 R6: 0000000000000020                    32  F6:       65536.00000000000
 R7: 0000000000000022                    34  F7:      -2199023255552.000
 R8: 0000000000000027                    39  F8:  -1.234000000000000e-10
 R9: 000000000000005c                    92  F9:  4.567890000000000e+200
R10: 0000000000000030                    48 F10:       3.141592653589793
R11: 0000000000000041                    65 F11:       0.000000000000000
R12: 0000000000000072                   114 F12:       0.000000000000000
R13: 00000000000000a9                   169 F13:       0.000000000000000
R14: 000000000000263a                  9786 F14:       0.000000000000000
R15: 000000000000263a                  9786 F15:       0.000000000000000
R16: 000000000001f600                128512 F16:       0.000000000000000
R17: fffffffffffffffb                    -5 F17:       0.000000000000000
R18: ffffffffffffffff                    -1 F18:       0.000000000000000
R19: 0000000000000001                     1 F19:       0.000000000000000
R20: 0000000000000002                     2 F20:       0.000000000000000
R21: 0000000000000004                     4 F21:       0.000000000000000
R22: 0000000000000008                     8 F22:       0.000000000000000
R23: 0000000000000010                    16 F23:       0.000000000000000
R24: 000001ffffffffff         2199023255551 F24:       0.000000000000000
R25: fffffe0000000000        -2199023255552 F25:       0.000000000000000
R26: 0000000000000000                     0 F26:       0.000000000000000
R27: 0000000000000000                     0 F27:       0.000000000000000
R28: 0000000000000000                     0 F28:       0.000000000000000
 SF: 00000000000f617f                       F29:       0.000000000000000
 SP: 00000000000f617f                       F30:       0.000000000000000
 PC: 0000000000000028                       F31:       0.000000000000000
