> debug.sh example005
================================================================================
CPUSim64 2.0 Emulator
By Richard Lesh ©2025
Implements a CPUSim64 Virtual Machine.
================================================================================
Debug: true
Memory size: 1048576
Stack size: 8192
Read 22 words from example005.obj.gz
    1:__CODE__+0                                                  00000001 READONLY  	0x16 (__HEAP_START__+0)
    1:MAIN+0                                                      00000002 MOVE      	R0, 32
    1:MAIN+1                                                      00000003 DEBUG     	R0
R0: 32  
    1:MAIN+2                                                      00000004 MOVE      	R1, 65
    1:MAIN+3                                                      00000005 MOVE      	R2, 9786
    1:MAIN+4                                                      00000006 DEBUG     	R1, R2
R1: 65  R2: 9786  
    1:MAIN+5                                                      00000007 MOVE      	R3, -5
    1:MAIN+6                                                      00000008 MOVE      	R4, 326
    1:MAIN+7                                                      00000009 MOVE      	R5, 4886718345
    1:MAIN+8                                                      0000000a DEBUG     	R3, R4, R5
R3: -5  R4: 326  R5: 4886718345  
    1:MAIN+9                                                      0000000b INTERRUPT 	16

CPU State    SR: oszP
  R               hex                   dec  FP                    float   Stack               hex                   dec                   float
 R0: 0000000000000020                    32  F0:       0.000000000000000 =>
 R1: 0000000000000041                    65  F1:       0.000000000000000
 R2: 000000000000263a                  9786  F2:       0.000000000000000
 R3: fffffffffffffffb                    -5  F3:       0.000000000000000
 R4: 0000000000000146                   326  F4:       0.000000000000000
 R5: 0000000123456789            4886718345  F5:       0.000000000000000
 R6: 0000000000000000                     0  F6:       0.000000000000000
 R7: 0000000000000000                     0  F7:       0.000000000000000
 R8: 0000000000000000                     0  F8:       0.000000000000000
 R9: 0000000000000000                     0  F9:       0.000000000000000
R10: 0000000000000000                     0 F10:       0.000000000000000
R11: 0000000000000000                     0 F11:       0.000000000000000
R12: 0000000000000000                     0 F12:       0.000000000000000
R13: 0000000000000000                     0 F13:       0.000000000000000
R14: 0000000000000000                     0 F14:       0.000000000000000
R15: 0000000000000000                     0 F15:       0.000000000000000
R16: 0000000000000000                     0 F16:       0.000000000000000
R17: 0000000000000000                     0 F17:       0.000000000000000
R18: 0000000000000000                     0 F18:       0.000000000000000
R19: 0000000000000000                     0 F19:       0.000000000000000
R20: 0000000000000000                     0 F20:       0.000000000000000
R21: 0000000000000000                     0 F21:       0.000000000000000
R22: 0000000000000000                     0 F22:       0.000000000000000
R23: 0000000000000000                     0 F23:       0.000000000000000
R24: 0000000000000000                     0 F24:       0.000000000000000
R25: 0000000000000000                     0 F25:       0.000000000000000
R26: 0000000000000000                     0 F26:       0.000000000000000
R27: 0000000000000000                     0 F27:       0.000000000000000
R28: 0000000000000000                     0 F28:       0.000000000000000
 SF: 0000000000101fff                       F29:       0.000000000000000
 SP: 0000000000101fff                       F30:       0.000000000000000
 PC: 000000000000000c                       F31:       0.000000000000000
    1:MAIN+10                                                     0000000c MOVE      	F0, -10
    1:MAIN+11                                                     0000000d MOVE      	F1, -1
    1:MAIN+12                                                     0000000e MOVE      	F2, 20
    1:MAIN+13                                                     0000000f MOVE      	F3, 21
    1:MAIN+14                                                     00000010 DEBUG     	F0, F1, F2, F3
F0: -10.000000000000000  F1: -1.0000000000000000  F2: 20.000000000000000  F3: 21.000000000000000  
    1:MAIN+15                                                     00000011 DEBUG     	SP, SF, PC
SP: 1056767  SF: 1056767  PC: 18  
    1:MAIN+16                                                     00000012 STOP      	

CPU State    SR: oszP
  R               hex                   dec  FP                    float   Stack               hex                   dec                   float
 R0: 0000000000000020                    32  F0:      -10.00000000000000 =>
 R1: 0000000000000041                    65  F1:      -1.000000000000000
 R2: 000000000000263a                  9786  F2:       20.00000000000000
 R3: fffffffffffffffb                    -5  F3:       21.00000000000000
 R4: 0000000000000146                   326  F4:       0.000000000000000
 R5: 0000000123456789            4886718345  F5:       0.000000000000000
 R6: 0000000000000000                     0  F6:       0.000000000000000
 R7: 0000000000000000                     0  F7:       0.000000000000000
 R8: 0000000000000000                     0  F8:       0.000000000000000
 R9: 0000000000000000                     0  F9:       0.000000000000000
R10: 0000000000000000                     0 F10:       0.000000000000000
R11: 0000000000000000                     0 F11:       0.000000000000000
R12: 0000000000000000                     0 F12:       0.000000000000000
R13: 0000000000000000                     0 F13:       0.000000000000000
R14: 0000000000000000                     0 F14:       0.000000000000000
R15: 0000000000000000                     0 F15:       0.000000000000000
R16: 0000000000000000                     0 F16:       0.000000000000000
R17: 0000000000000000                     0 F17:       0.000000000000000
R18: 0000000000000000                     0 F18:       0.000000000000000
R19: 0000000000000000                     0 F19:       0.000000000000000
R20: 0000000000000000                     0 F20:       0.000000000000000
R21: 0000000000000000                     0 F21:       0.000000000000000
R22: 0000000000000000                     0 F22:       0.000000000000000
R23: 0000000000000000                     0 F23:       0.000000000000000
R24: 0000000000000000                     0 F24:       0.000000000000000
R25: 0000000000000000                     0 F25:       0.000000000000000
R26: 0000000000000000                     0 F26:       0.000000000000000
R27: 0000000000000000                     0 F27:       0.000000000000000
R28: 0000000000000000                     0 F28:       0.000000000000000
 SF: 0000000000101fff                       F29:       0.000000000000000
 SP: 0000000000101fff                       F30:       0.000000000000000
 PC: 0000000000000013                       F31:       0.000000000000000
