> debug.sh example010
================================================================================
CPUSim64 2.0 Emulator
By Richard Lesh ©2025
Implements a CPUSim64 Virtual Machine.
================================================================================
Debug: true
Memory size: 1048576
Stack size: 8192
Read 25 words from example010.obj.gz
    1:__CODE__+0                                                  00000001 READONLY  	0x19 (__HEAP_START__+0)
    1:SYSTEM$DEF+0                                                00000002 MOVE      	R1, 5
    1:STARTIF1+0                                                  00000003 JUMP      	n, 0x6 (ELSE1+0)
    1:STARTIF1+1                                                  00000004 MOVE      	R0, -1
    1:STARTIF1+2                                                  00000005 JUMP      	0x7 (ENDIF1+0)
    1:ENDIF1+0                                                    00000007 DEBUG     	R0
R0: -1  
    1:ENDIF1+1                                                    00000008 MOVE      	R1, -5
    1:STARTIF2+0                                                  00000009 JUMP      	n, 0xc (ELSE2+0)
    1:ELSE2+0                                                     0000000c MOVE      	R0, 0
    1:ENDIF2+0                                                    0000000d DEBUG     	R0
R0: 0  
    1:ENDIF2+1                                                    0000000e MOVE      	R0, 10
    1:LOOP1+0                                                     0000000f JUMP      	0x12 (END1+0)
    1:END1+0                                                      00000012 JUMP      	nz, 0x10 (START1+0)
    1:START1+0                                                    00000010 DEBUG     	R0
R0: 10  
    1:START1+1                                                    00000011 SUBTRACT  	R0, 1
    1:END1+0                                                      00000012 JUMP      	nz, 0x10 (START1+0)
    1:START1+0                                                    00000010 DEBUG     	R0
R0: 9  
    1:START1+1                                                    00000011 SUBTRACT  	R0, 1
    1:END1+0                                                      00000012 JUMP      	nz, 0x10 (START1+0)
    1:START1+0                                                    00000010 DEBUG     	R0
R0: 8  
    1:START1+1                                                    00000011 SUBTRACT  	R0, 1
    1:END1+0                                                      00000012 JUMP      	nz, 0x10 (START1+0)
    1:START1+0                                                    00000010 DEBUG     	R0
R0: 7  
    1:START1+1                                                    00000011 SUBTRACT  	R0, 1
    1:END1+0                                                      00000012 JUMP      	nz, 0x10 (START1+0)
    1:START1+0                                                    00000010 DEBUG     	R0
R0: 6  
    1:START1+1                                                    00000011 SUBTRACT  	R0, 1
    1:END1+0                                                      00000012 JUMP      	nz, 0x10 (START1+0)
    1:START1+0                                                    00000010 DEBUG     	R0
R0: 5  
    1:START1+1                                                    00000011 SUBTRACT  	R0, 1
    1:END1+0                                                      00000012 JUMP      	nz, 0x10 (START1+0)
    1:START1+0                                                    00000010 DEBUG     	R0
R0: 4  
    1:START1+1                                                    00000011 SUBTRACT  	R0, 1
    1:END1+0                                                      00000012 JUMP      	nz, 0x10 (START1+0)
    1:START1+0                                                    00000010 DEBUG     	R0
R0: 3  
    1:START1+1                                                    00000011 SUBTRACT  	R0, 1
    1:END1+0                                                      00000012 JUMP      	nz, 0x10 (START1+0)
    1:START1+0                                                    00000010 DEBUG     	R0
R0: 2  
    1:START1+1                                                    00000011 SUBTRACT  	R0, 1
    1:END1+0                                                      00000012 JUMP      	nz, 0x10 (START1+0)
    1:START1+0                                                    00000010 DEBUG     	R0
R0: 1  
    1:START1+1                                                    00000011 SUBTRACT  	R0, 1
    1:END1+0                                                      00000012 JUMP      	nz, 0x10 (START1+0)
    1:END1+1                                                      00000013 MOVE      	R0, 10
    1:START2+0                                                    00000014 DEBUG     	R0
R0: 10  
    1:START2+1                                                    00000015 SUBTRACT  	R0, 1
    1:END2+0                                                      00000016 JUMP      	nz, 0x14 (START2+0)
    1:START2+0                                                    00000014 DEBUG     	R0
R0: 9  
    1:START2+1                                                    00000015 SUBTRACT  	R0, 1
    1:END2+0                                                      00000016 JUMP      	nz, 0x14 (START2+0)
    1:START2+0                                                    00000014 DEBUG     	R0
R0: 8  
    1:START2+1                                                    00000015 SUBTRACT  	R0, 1
    1:END2+0                                                      00000016 JUMP      	nz, 0x14 (START2+0)
    1:START2+0                                                    00000014 DEBUG     	R0
R0: 7  
    1:START2+1                                                    00000015 SUBTRACT  	R0, 1
    1:END2+0                                                      00000016 JUMP      	nz, 0x14 (START2+0)
    1:START2+0                                                    00000014 DEBUG     	R0
R0: 6  
    1:START2+1                                                    00000015 SUBTRACT  	R0, 1
    1:END2+0                                                      00000016 JUMP      	nz, 0x14 (START2+0)
    1:START2+0                                                    00000014 DEBUG     	R0
R0: 5  
    1:START2+1                                                    00000015 SUBTRACT  	R0, 1
    1:END2+0                                                      00000016 JUMP      	nz, 0x14 (START2+0)
    1:START2+0                                                    00000014 DEBUG     	R0
R0: 4  
    1:START2+1                                                    00000015 SUBTRACT  	R0, 1
    1:END2+0                                                      00000016 JUMP      	nz, 0x14 (START2+0)
    1:START2+0                                                    00000014 DEBUG     	R0
R0: 3  
    1:START2+1                                                    00000015 SUBTRACT  	R0, 1
    1:END2+0                                                      00000016 JUMP      	nz, 0x14 (START2+0)
    1:START2+0                                                    00000014 DEBUG     	R0
R0: 2  
    1:START2+1                                                    00000015 SUBTRACT  	R0, 1
    1:END2+0                                                      00000016 JUMP      	nz, 0x14 (START2+0)
    1:START2+0                                                    00000014 DEBUG     	R0
R0: 1  
    1:START2+1                                                    00000015 SUBTRACT  	R0, 1
    1:END2+0                                                      00000016 JUMP      	nz, 0x14 (START2+0)
    1:END2+1                                                      00000017 STOP      	

CPU State    SR: osZp
  R               hex                   dec  FP                    float   Stack               hex                   dec                   float
 R0: 0000000000000000                     0  F0:       0.000000000000000 =>
 R1: fffffffffffffffb                    -5  F1:       0.000000000000000
 R2: 0000000000000000                     0  F2:       0.000000000000000
 R3: 0000000000000000                     0  F3:       0.000000000000000
 R4: 0000000000000000                     0  F4:       0.000000000000000
 R5: 0000000000000000                     0  F5:       0.000000000000000
 R6: 0000000000000000                     0  F6:       0.000000000000000
 R7: 0000000000000000                     0  F7:       0.000000000000000
 R8: 0000000000000000                     0  F8:       0.000000000000000
 R9: 0000000000000000                     0  F9:       0.000000000000000
R10: 0000000000000000                     0 F10:       0.000000000000000
R11: 0000000000000000                     0 F11:       0.000000000000000
R12: 0000000000000000                     0 F12:       0.000000000000000
R13: 0000000000000000                     0 F13:       0.000000000000000
R14: 0000000000000000                     0 F14:       0.000000000000000
R15: 0000000000000000                     0 F15:       0.000000000000000
R16: 0000000000000000                     0 F16:       0.000000000000000
R17: 0000000000000000                     0 F17:       0.000000000000000
R18: 0000000000000000                     0 F18:       0.000000000000000
R19: 0000000000000000                     0 F19:       0.000000000000000
R20: 0000000000000000                     0 F20:       0.000000000000000
R21: 0000000000000000                     0 F21:       0.000000000000000
R22: 0000000000000000                     0 F22:       0.000000000000000
R23: 0000000000000000                     0 F23:       0.000000000000000
R24: 0000000000000000                     0 F24:       0.000000000000000
R25: 0000000000000000                     0 F25:       0.000000000000000
R26: 0000000000000000                     0 F26:       0.000000000000000
R27: 0000000000000000                     0 F27:       0.000000000000000
R28: 0000000000000000                     0 F28:       0.000000000000000
 SF: 0000000000101fff                       F29:       0.000000000000000
 SP: 0000000000101fff                       F30:       0.000000000000000
 PC: 0000000000000018                       F31:       0.000000000000000
