> run.sh example_mutex
Main is executing...
Main is locking...
Number of cores: 18
Thread A executing with PID 2...
Thread D executing with PID 5...
Thread I executing with PID 10...
Thread M executing with PID 14...
Thread F executing with PID 7...
Thread C executing with PID 4...
Thread G executing with PID 8...
Thread N executing with PID 15...
Thread H executing with PID 9...
Thread L executing with PID 13...
Thread Q executing with PID 18...
Thread J executing with PID 11...
Thread B executing with PID 3...
Thread E executing with PID 6...
Thread K executing with PID 12...
Main is unlocking...
Thread f executing with PID 19...
Thread O executing with PID 16...
Thread P executing with PID 17...
Main is joining 2...
Thread A finishing...
Main is joining 3...
Thread D finishing...
Thread I finishing...
Thread M finishing...
Thread F finishing...
Thread C finishing...
Thread G finishing...
Thread N finishing...
Thread H finishing...
Thread L finishing...
Thread Q finishing...
Thread J finishing...
Thread B finishing...
Main is joining 4...
Main is joining 5...
Main is joining 6...
Thread E finishing...
Main is joining 7...
Main is joining 8...
Main is joining 9...
Main is joining 10...
Main is joining 11...
Main is joining 12...
Thread K finishing...
Main is joining 13...
Main is joining 14...
Main is joining 15...
Main is joining 16...
Thread f finishing...
Thread O finishing...
Main is joining 17...
Thread P finishing...
Main is joining 18...
Main is joining 19...
Main is done
