================================================================================
CPUSim64 2.0 Assembler
By Richard Lesh ©2025
Assembles .asm source files into .obj.gz binary files.
================================================================================
Wrote 5 words to /Users/rich/Desktop/Resources/CPUSim64V2/documentation/examples/example001.obj.gz
================================================================================
CPUSim64 2.0 Emulator
By Richard Lesh ©2025
Implements a CPUSim64 Virtual Machine.
================================================================================
Debug: false
Memory size: 1048576
Stack size: 8192
Read 5 words from example001.obj.gz
Result: 0
User CPU Cycles: 3
User Time: 0.001 sec
System Time: 0.000 sec
Total Time: 0.001 sec
