> debug.sh example007
Read 49 words from example007.o64
R0: 3  
R0: -1  
R0: 6  
R0: 1  
F0: 3.5790000000000000  
F0: -1.1110000000000002  
F0: 7.3670285500000010  
F0: 1.3396972281449893  
R0: 3  
R0: -1  
R0: 6  
R0: 1  
F0: 3.2340000000000000  
F0: -0.76600000000000000  
F0: 6.2831800000000000  
F0: 1.5707950000000000  

CPU State    SR: oszp
  R               hex                   dec  FP                    float   Stack               hex                   dec                   float
 R0: 0000000000000001                     1  F0:       1.570795000000000 =>
 R1: 0000000000000003                     3  F1:       3.141590000000000
 R2: 0000000000000002                     2  F2:       2.345000000000000
 R3: 0000000000000000                     0  F3:       0.000000000000000
 R4: 0000000000000000                     0  F4:       0.000000000000000
 R5: 0000000000000000                     0  F5:       0.000000000000000
 R6: 0000000000000000                     0  F6:       0.000000000000000
 R7: 0000000000000000                     0  F7:       0.000000000000000
 R8: 0000000000000000                     0  F8:       0.000000000000000
 R9: 0000000000000000                     0  F9:       0.000000000000000
R10: 0000000000000000                     0 F10:       0.000000000000000
R11: 0000000000000000                     0 F11:       0.000000000000000
R12: 0000000000000000                     0 F12:       0.000000000000000
R13: 0000000000000000                     0 F13:       0.000000000000000
R14: 0000000000000000                     0 F14:       0.000000000000000
R15: 0000000000000000                     0 F15:       0.000000000000000
R16: 0000000000000000                     0 F16:       0.000000000000000
R17: 0000000000000000                     0 F17:       0.000000000000000
R18: 0000000000000000                     0 F18:       0.000000000000000
R19: 0000000000000000                     0 F19:       0.000000000000000
R20: 0000000000000000                     0 F20:       0.000000000000000
R21: 0000000000000000                     0 F21:       0.000000000000000
R22: 0000000000000000                     0 F22:       0.000000000000000
R23: 0000000000000000                     0 F23:       0.000000000000000
R24: 0000000000000000                     0 F24:       0.000000000000000
R25: 0000000000000000                     0 F25:       0.000000000000000
R26: 0000000000000000                     0 F26:       0.000000000000000
R27: 0000000000000000                     0 F27:       0.000000000000000
R28: 0000000000000000                     0 F28:       0.000000000000000
 SF: 00000000000f617f                       F29:       0.000000000000000
 SP: 00000000000f617f                       F30:       0.000000000000000
 PC: 000000000000002d                       F31:       0.000000000000000
