> run.sh example_system
iINT_MIN: -9223372036854775808
iINT_MAX: 9223372036854775807
iFLOAT_MIN: -1.79769e+308
iFLOAT_MAX: 1.79769e+308
iNEGATIVE_INFINITY: -Infinity
iPOSITIVE_INFINITY: Infinity
iNAN: NaN
iCYCLES: 2078
iCLOCK: 10693166

CPU State    SR: oszP
  R               hex                   dec  FP                    float   Stack               hex                   dec                   float
 R0: 0000000000000000                     0  F0:                     NaN   SP+32: 7ff8000000000000   9221120237041090560                     NaN
 R1: 0000000000000002                     2  F1:       0.000000000000000   SP+31: 0000000000000000                     0       0.000000000000000
 R2: 0000000000000000                     0  F2:       0.000000000000000   SP+30: 0000000000000000                     0       0.000000000000000
 R3: 0000000000000000                     0  F3:       0.000000000000000   SP+29: 0000000000000000                     0       0.000000000000000
 R4: 0000000000000000                     0  F4:       0.000000000000000   SP+28: 0000000000000000                     0       0.000000000000000
 R5: 0000000000000000                     0  F5:       0.000000000000000   SP+27: 0000000000000000                     0       0.000000000000000
 R6: 0000000000000000                     0  F6:       0.000000000000000   SP+26: 0000000000000000                     0       0.000000000000000
 R7: 0000000000000000                     0  F7:       0.000000000000000   SP+25: 0000000000000000                     0       0.000000000000000
 R8: 0000000000000000                     0  F8:       0.000000000000000   SP+24: 0000000000000000                     0       0.000000000000000
 R9: 0000000000000000                     0  F9:       0.000000000000000   SP+23: 0000000000000000                     0       0.000000000000000
R10: 0000000000000000                     0 F10:       0.000000000000000   SP+22: 0000000000000000                     0       0.000000000000000
R11: 0000000000000000                     0 F11:       0.000000000000000   SP+21: 0000000000000000                     0       0.000000000000000
R12: 0000000000000000                     0 F12:       0.000000000000000   SP+20: 0000000000000000                     0       0.000000000000000
R13: 0000000000000000                     0 F13:       0.000000000000000   SP+19: 0000000000000000                     0       0.000000000000000
R14: 0000000000000000                     0 F14:       0.000000000000000   SP+18: 0000000000000000                     0       0.000000000000000
R15: 0000000000000000                     0 F15:       0.000000000000000   SP+17: 0000000000000000                     0       0.000000000000000
R16: 0000000000000000                     0 F16:       0.000000000000000   SP+16: 0000000000000000                     0       0.000000000000000
R17: 0000000000000000                     0 F17:       0.000000000000000   SP+15: 0000000000000000                     0       0.000000000000000
R18: 0000000000000000                     0 F18:       0.000000000000000   SP+14: 0000000000000000                     0       0.000000000000000
R19: 0000000000000000                     0 F19:       0.000000000000000   SP+13: 0000000000000000                     0       0.000000000000000
R20: 0000000000000000                     0 F20:       0.000000000000000   SP+12: 0000000000000000                     0       0.000000000000000
R21: 0000000000000000                     0 F21:       0.000000000000000   SP+11: 0000000000000000                     0       0.000000000000000
R22: 0000000000000000                     0 F22:       0.000000000000000   SP+10: 0000000000000000                     0       0.000000000000000
R23: 0000000000000000                     0 F23:       0.000000000000000   SP+09: 0000000000000000                     0       0.000000000000000
R24: 0000000000000000                     0 F24:       0.000000000000000   SP+08: 0000000000000000                     0       0.000000000000000
R25: 0000000000000000                     0 F25:       0.000000000000000   SP+07: 0000000000000000                     0       0.000000000000000
R26: 0000000000000000                     0 F26:       0.000000000000000   SP+06: 0000000000000000                     0       0.000000000000000
R27: 0000000000000000                     0 F27:       0.000000000000000   SP+05: 0000000000000000                     0       0.000000000000000
R28: 0000000000000000                     0 F28:       0.000000000000000   SP+04: 0000000000000000                     0       0.000000000000000
 SF: 0000000000101ffd                       F29:       0.000000000000000   SP+03: 0000000000000000                     0       0.000000000000000
 SP: 0000000000101fbb                       F30:       0.000000000000000   SP+02: 0000000000000000                     0       0.000000000000000
 PC: 000000000000044f                       F31:       0.000000000000000   SP+01: 0000000000000000                     0       0.000000000000000

CPU State    SR: oszP
  R               hex                   dec  FP                    float   Stack               hex                   dec                   float
 R0: 0000000000000000                     0  F0:                     NaN   SP+07: 00000000000003fd                  1021  5.044000000000000e-321
 R1: 0000000000000002                     2  F1:       0.000000000000000   SP+06: 0000000000101fff               1056767  5.221123000000000e-318
 R2: 0000000000000000                     0  F2:       0.000000000000000 =>SP+05: 0000000000000000                     0       0.000000000000000
 R3: 0000000000000000                     0  F3:       0.000000000000000   SP+04: 0000000000000000                     0       0.000000000000000
 R4: 0000000000000000                     0  F4:       0.000000000000000   SP+03: 0000000000000000                     0       0.000000000000000
 R5: 0000000000000000                     0  F5:       0.000000000000000   SP+02: 0000000000000000                     0       0.000000000000000
 R6: 0000000000000000                     0  F6:       0.000000000000000   SP+01: 0000000000000000                     0       0.000000000000000
 R7: 0000000000000000                     0  F7:       0.000000000000000
 R8: 0000000000000000                     0  F8:       0.000000000000000
 R9: 0000000000000000                     0  F9:       0.000000000000000
R10: 0000000000000000                     0 F10:       0.000000000000000
R11: 0000000000000000                     0 F11:       0.000000000000000
R12: 0000000000000000                     0 F12:       0.000000000000000
R13: 0000000000000000                     0 F13:       0.000000000000000
R14: 0000000000000000                     0 F14:       0.000000000000000
R15: 0000000000000000                     0 F15:       0.000000000000000
R16: 0000000000000000                     0 F16:       0.000000000000000
R17: 0000000000000000                     0 F17:       0.000000000000000
R18: 0000000000000000                     0 F18:       0.000000000000000
R19: 0000000000000000                     0 F19:       0.000000000000000
R20: 0000000000000000                     0 F20:       0.000000000000000
R21: 0000000000000000                     0 F21:       0.000000000000000
R22: 0000000000000000                     0 F22:       0.000000000000000
R23: 0000000000000000                     0 F23:       0.000000000000000
R24: 0000000000000000                     0 F24:       0.000000000000000
R25: 0000000000000000                     0 F25:       0.000000000000000
R26: 0000000000000000                     0 F26:       0.000000000000000
R27: 0000000000000000                     0 F27:       0.000000000000000
R28: 0000000000000000                     0 F28:       0.000000000000000
 SF: 0000000000101ffd                       F29:       0.000000000000000
 SP: 0000000000101ff8                       F30:       0.000000000000000
 PC: 0000000000000452                       F31:       0.000000000000000
iCYCLES: 2759
iCLOCK: 30574750
0:0
1:1
2:4
3:9
4:16
5:25
6:36
7:49
8:64
9:81
6 => 6
12 => 12
24 => 24
48 => 48
96 => 96
192 => 192
384 => 384
768 => 768
1536 => 1536
3072 => 3072
6144 => 6144
12288 => 12288
24576 => 24576
49152 => 49152
98304 => 98304
196608 => 196608
