> run.sh example_vector
Allocating vector size 5
Vector(-1): 68b 0 (9)
Add 20...
Vector(0): 6b5 20 (30)
0,1,2,3,4,5,6,7,8,9,10,11,12,13,14,15,16,17,18,19
Trim...
Vector(0): 6b5 20 (30)
Add 80...
Vector(0): 767 100 (140)
0,1,2,3,4,5,6,7,8,9,10,11,12,13,14,15,16,17,18,19,0,1,2,3,4,5,6,7,8,9,10,11,12,13,14,15,16,17,18,19,20,21,22,23,24,25,26,27,28,29,30,31,32,33,34,35,36,37,38,39,40,41,42,43,44,45,46,47,48,49,50,51,52,53,54,55,56,57,58,59,60,61,62,63,64,65,66,67,68,69,70,71,72,73,74,75,76,77,78,79
Delete 80...
Vector(0): 767 20 (140)
0,1,2,3,4,5,6,7,8,9,10,11,12,13,14,15,16,17,18,19
Trim...
Vector(0): 807 20 (30)
Delete even...
Vector(0): 807 10 (30)
1,3,5,7,9,11,13,15,17,19
Add even...
Vector(0): 807 21 (30)
0,1,2,3,4,5,6,7,8,9,10,11,12,13,14,15,16,17,18,19,20
Set/Get...
v[0] = 0
v[10] = 10
v[20] = 20
v[last] = 20
Vector(0): 807 21 (30)
0,1,2,3,4,5,6,7,8,9,10,11,12,13,14,15,16,17,18,19,20
IndexOf...
indexOf(-1, 0) = -1
indexOf(-2, 0) = -1
indexOf(-3, 0) = -1
indexOf(30, 0) = -1
indexOf(-1, 10) = -1
indexOf(-2, 10) = -1
indexOf(-3, 10) = -1
indexOf(30, 10) = -1
LastIndexOf...
LastIndexOf(-1, -1) = -1
LastIndexOf(-2, -1) = -1
LastIndexOf(-3, -1) = -1
LastIndexOf(30, -1) = -1
LastIndexOf(-1, 10) = -1
LastIndexOf(-2, 10) = -1
LastIndexOf(-3, 10) = -1
LastIndexOf(30, 10) = -1
Clear...
Vector(-1): 8e9 0 (4)

