> debug.sh example013
Read 1202 words from example013.o64
R1: 3261963  R2: 326  R3: 3261963  R4: 326  
F1: 3.1415926535897930  F2: 3.1415000000000000  F3: 3.1415926535897930  F4: 3.1415000000000000  
©2022 All rights reserved
¡Hola Mundo!  你好世界  שלום עולם
		"Ä" '€'☺

Hello, Rich!
R1: 5  R2: 72624937742893056  
R4: 1  
R4: 1  
R4: 2  
R4: 3  
R4: 5  
R4: 8  
R4: 13  
R4: 21  
R0: 5  
F0: 1.0000000000000000  
F0: 1.6000000000000000  
F0: 2.5000000000000000  
F0: 4.0000000000000000  
F0: 6.3000000000000000  

CPU State    SR: oszp
  R               hex                   dec  FP                    float   Stack               hex                   dec                   float
 R0: 0000000000000005                     5  F0:       6.300000000000000 =>
 R1: 0000000000000009                     9  F1:       3.141592653589793
 R2: 0000000000000494                  1172  F2:       3.141500000000000
 R3: 0000000000000008                     8  F3:       3.141592653589793
 R4: 0000000000000015                    21  F4:       3.141500000000000
 R5: 0000000000000000                     0  F5:       0.000000000000000
 R6: 0000000000000000                     0  F6:       0.000000000000000
 R7: 0000000000000000                     0  F7:       0.000000000000000
 R8: 0000000000000000                     0  F8:       0.000000000000000
 R9: 0000000000000000                     0  F9:       0.000000000000000
R10: 0000000000000000                     0 F10:       0.000000000000000
R11: 0000000000000000                     0 F11:       0.000000000000000
R12: 0000000000000000                     0 F12:       0.000000000000000
R13: 0000000000000000                     0 F13:       0.000000000000000
R14: 0000000000000000                     0 F14:       0.000000000000000
R15: 0000000000000000                     0 F15:       0.000000000000000
R16: 0000000000000000                     0 F16:       0.000000000000000
R17: 0000000000000000                     0 F17:       0.000000000000000
R18: 0000000000000000                     0 F18:       0.000000000000000
R19: 0000000000000000                     0 F19:       0.000000000000000
R20: 0000000000000000                     0 F20:       0.000000000000000
R21: 0000000000000000                     0 F21:       0.000000000000000
R22: 0000000000000000                     0 F22:       0.000000000000000
R23: 0000000000000000                     0 F23:       0.000000000000000
R24: 0000000000000000                     0 F24:       0.000000000000000
R25: 0000000000000000                     0 F25:       0.000000000000000
R26: 0000000000000000                     0 F26:       0.000000000000000
R27: 0000000000000000                     0 F27:       0.000000000000000
R28: 0000000000000000                     0 F28:       0.000000000000000
 SF: 00000000000f617f                       F29:       0.000000000000000
 SP: 00000000000f617f                       F30:       0.000000000000000
 PC: 0000000000000483                       F31:       0.000000000000000
